
>>> szer = 13
>>> wys = 12.0
>>> znak = '.'
>>> szer/2
6.5
>>> szer/2.0
6.5
>>> wys/3
4.0
>>> znak*5
'.....'
>>> znak + 5
Traceback (most recent call last):
  File "<pyshell#7>", line 1, in <module>
    znak + 5
TypeError: can only concatenate str (not "int") to str
>>> #wyniki zależą od wersji Pythona, w Pythonie 2.7 przy dzieleniu np. 5/2 pokaże 1 a nie 1.5 czyli liczbę całkowitą